Arijit Singh

Alicia Keys
Alicia Keys
Arijit Singh
C:\Users\prvzs\OneDrive\Desktop\Desktop\Datasets_and_Projects\Internship\TechnoColabs Software\Predicting_chours\main\Deployment\mysongs\FIle_to_Save.mp3
C:\Users\prvzs\OneDrive\Desktop\Desktop\Datasets_and_Projects\Internship\TechnoColabs Software\Predicting_chours\main\Deployment\mysongs\FIle_to_Save.mp3
C:\Users\prvzs\OneDrive\Desktop\Desktop\Datasets_and_Projects\Internship\TechnoColabs Software\Predicting_chours\main\Deployment\mysongs/song_to_predict.wav
C:\Users\prvzs\OneDrive\Desktop\Desktop\Datasets_and_Projects\Internship\TechnoColabs Software\Predicting_chours\main\Deployment\mysongs/song_to_predict.wav
['Arijit Singh', 1.4473919450021586, 0.0033318533, 1.0, 0.31365713, 0.2568879, 0.10681042, 0.7547766746786619, 1.480121899960447, 0.006152863, 1.0, 0.23861793, 0.2381164, 0.15663493, 1.716734719303294, 0.46225615106265205, 0.005469963, 1.0, 0.35764766, 0.47707403, 0.35038754, -1.3585408190537538, 0.7992496683043989, 0.008237356, 1.0, 0.36234975, 0.37987393, 0.21488827, -0.9724693807836413, 2.587454784945579, 0.0034483033, 1.0, 0.16943973, 0.15048085, 0.105741926, 9.229400055266819, 2.1186339465358133, 0.005671182, 1.0, 0.29115987, 0.17991687, 0.053288333, 3.060396835147367, 3.012588077590694, 0.006499987, 1.0, 0.12944944, 0.12657169, 0.08630709, 13.882317125020077, 2.5022144799739934, 0.004587124, 1.0, 0.20986211, 0.15951201, 0.072633445, 6.434661828805989, 2.32198819408216, 0.0063074585, 1.0, 0.15505852, 0.17114645, 0.13659298, 8.344741155221548, 0.5844207026778967, 0.011458175, 1.0, 0.36362335, 0.4215876, 0.2964899, -1.208939348796533, 1.3884412773369983, 0.0059003155, 1.0, 0.2867711, 0.3059321, 0.18272889, 0.7892761744396326, 1.5823351340642429, 0.004264149, 1.0, 0.20926008, 0.1930384, 0.10765137, 2.07959917590357, 0.290078667953442, 0.020335613, 1.0, 0.39273128, 0.50101423, 0.32485056, -1.687691976710892, 1.2056159659104981, 0.017239565, 0.79364574, 0.14943118, 0.19131838, 0.14556333, 1.0847417158633457, 0.7596954934706428, 0.03806447, 1.0, 0.27251288, 0.40190163, 0.34842905, -0.40611305809512377, 1.346468494371659, 0.02976467, 1.0, 0.26520392, 0.3053798, 0.19895738, 0.7353956946714755, 2.3070589100665, 0.016647758, 1.0, 0.13835105, 0.13289087, 0.080539525, 6.009731867814031, 1.9455668540044138, 0.021534452, 1.0, 0.18448605, 0.19658004, 0.1401295, 4.77502563043785, 1.9216686945444268, 0.018824993, 0.61932325, 0.10648048, 0.13394266, 0.10933939, 4.453529465110537, 2.0581596750107667, 0.025127416, 1.0, 0.21562846, 0.2273022, 0.14592429, 4.271238557327942, 1.1118964571754675, 0.019483069, 1.0, 0.36889094, 0.32148233, 0.1337505, -0.5036013994510129, 0.8160789174051154, 0.026118696, 0.8666504, 0.17215353, 0.2425804, 0.19309047, 0.020135940544400377, 0.21793622742147192, 0.030682264, 1.0, 0.40861943, 0.5022258, 0.32055348, -1.7737994718797465, 1.8772070517498634, 0.022754803, 1.0, 0.124987595, 0.14838736, 0.10539824, 5.715287569453938, 0.4548956068073776, 0.0, 0.8702932, 0.28118792, 0.37622467, 0.28581035, -1.3079108214379611, -0.059554671872347545, 0.0, 0.32093576, 0.08289661, 0.13135952, 0.13839856, -0.9617545769987035, -0.35261446559590653, 0.054104067, 0.56577134, 0.12101936, 0.36189058, 0.36722904, -0.5213278467592763, 0.4393582508330269, 0.0016314739, 0.5765988, 0.15483299, 0.24510351, 0.22911978, -0.672847678677603, 1.7702197624013152, 0.0, 0.3168904, 0.07809454, 0.052754287, 0.015042957, 2.266434095500342, 1.15681708347612, 0.0, 0.540672, 0.14882654, 0.13544723, 0.07849383, 0.27594031300190025, 1.4715841893819765, 0.0, 0.24289238, 0.06247701, 0.05245692, 0.026657742, 1.4208990829300392, 0.9353571297600147, 0.0, 0.6145931, 0.15543522, 0.16504946, 0.117703095, -0.1620499930006698, 1.0780062744304166, 0.0, 0.7760458, 0.27468967, 0.2054373, 0.048497558, -0.5222351175698949, 0.5603364848180026, 0.0018996937, 0.5120099, 0.14226648, 0.19842775, 0.18584874, -0.6371851099733021, 0.20404711816155793, 0.0, 0.8608427, 0.29341814, 0.37915102, 0.30373943, -1.5576726353164687, 0.9342479258838225, 0.0, 0.2809282, 0.06932723, 0.0789932, 0.060276285, 0.03712276301522088, -0.8288239276844577, -208.17697, 33.066948, 46.58036, -67.699936, -58.464706, 0.3386577074649395, -0.20576804186626874, 9.132616, 144.58862, 23.665577, 79.73815, 81.80673, -0.5185346362358572, 0.05051590186785695, -21.021116, 70.75691, 13.501366, 20.319794, 20.088383, 0.4339884380800063, 0.14444317773625379, -35.209576, 46.38162, 14.684862, 7.0302296, 5.607788, -0.13539405851147812, 0.009401078124795372, -41.622826, 39.078365, 12.32472, -3.669115, -3.462038, 0.3612982053293048, -0.2943270674955467, -1.968356, 47.37728, 8.863517, 26.256191, 27.090382, -0.4051192561210648, 0.0758651817195878, -43.48975, 27.114937, 11.913365, -15.030307, -14.460413, -0.54609631176183, 0.07452556002811124, -25.524124, 39.728584, 9.348617, 4.549451, 4.3328176, 0.285940612134826, 0.03690488050491702, -26.23239, 28.851128, 10.009483, -0.19467966, -0.3977346, -0.3702363433427851, -0.27430373450101625, -21.732471, 31.37704, 9.015171, 8.708119, 9.120959, -0.011663562148492623, -0.4184024077807217, -36.386066, 22.344383, 10.446198, -0.42071968, 0.78780764, -0.3571356445432987, -0.4353714968345398, -25.429707, 26.809319, 8.537207, 1.9227698, 2.9361207, 0.21401267443002592, 0.24315884446785546, -27.799736, 30.410957, 9.815485, -2.6849716, -2.939593, -0.0976897921634099, -0.0948404909880917, -16.168413, 26.922253, 9.026283, 5.740325, 6.1259885, -0.4262444513249579, -0.28514486414246154, -24.166924, 30.250927, 9.0219555, 3.3577008, 3.182858, -0.18635719400528883, 0.31228486526869614, -22.480726, 43.993607, 11.251345, 6.104707, 6.579526, 0.21103131401292163, -0.3117194753933769, -25.712282, 17.439947, 7.367536, -2.242996, -1.7393882, 0.059857596165135085, 0.15349077394751273, -16.837715, 22.583694, 8.126495, 3.5941963, 2.764292, -0.5760151825247668, 0.511698146943293, -39.873566, 25.880434, 9.757262, -11.045914, -12.092426, 0.585657452948122, 0.8442693092269132, -26.25013, 36.97308, 8.934128, -6.696142, -7.1545534, 2.0641317902663507, -0.3071398124144551, 0.07833074, 0.39418727, 0.07043341, 0.2184735, 0.23091401, -0.900590802814984, 0.41480659149875554, 1179.5626024893159, 5264.327685030165, 756.6047731013675, 2690.387005492853, 2567.682390377632, -0.11522057898120863, -0.2602706062991352, 1679.481063244391, 3721.9093315915416, 354.6137817393849, 2791.699107931026, 2833.5280274350216, -0.6521755811581804, 0.6512226371690204, 11.87917319391218, 42.651825205584935, 4.665322818845408, 23.069920149279298, 22.279461771243888, 0.6841896223525672, 0.06331713709753281, 5.623090997324067, 36.14029458235893, 4.371872575991216, 19.436813118790027, 19.590732342278258, 0.24030789938568686, 0.21070361851232586, 10.256770460503093, 38.58641110054451, 4.001137266774635, 23.232082138689655, 23.17023438900388, 0.8498507334388217, 0.01026434462324461, 10.930688357396395, 35.78106452044593, 4.547485977025408, 22.30031342956154, 22.51337451355242, -0.33624701302564697, 0.03989345451466628, 12.73535528988732, 33.17726843866409, 3.5090476977585165, 22.757718451948698, 22.744227499500518, -0.12835172030517672, 0.2524845701653069, 13.270443541874194, 27.770850867754273, 2.7425993832564073, 19.974540108821948, 19.872510744136648, -0.42370447669020006, -0.724198704938881, 13.59866032727791, 41.29961132700924, 3.2586276911009904, 33.71982355255936, 33.87756362886195, 2.692304923708263, -0.5414679720443206, 2088.720703125, 9033.1787109375, 1308.2745820038326, 6236.24562360923, 6282.31201171875, -0.06977759237886705, -0.36972986171226, -0.6233831218373328, 0.27617088288521685, 0.179724421192662, -0.11084803685294083, -0.08272072035995252, -0.05260863899530932, -0.020086788743381122, -0.16524842120882277, 0.7093124374014469, 0.1948264195825997, 0.22839944728974465, 0.23552760011710028, -0.8996522738772805, 0.2759321111209387, -0.28639761451631796, 0.3327469378709789, 0.13030728449122886, 0.012655871582935085, 0.005359914153813176, -0.3793661698217963, -0.3288294986200843, -0.6287407660856845, 0.6622296236455439, 0.3058564751646216, -0.016865458887289936, 0.06369549967348526, -0.8161843324344131, -0.598025474978891, -0.23775029773701878, 0.21995763706530932, 0.10811533144469555, -0.002183622472133669, 0.019047253703914496, -0.2565332911107445, 0.7158083761938909, -0.1719669857993716, 0.32084307679906504, 0.1144146834043123, 0.024826002434103808, -0.006271284073591319, -0.31466087049989033, 1.7011746512315684, 0.0322265625, 0.31982421875, 0.041621694404624716, 0.10355644107972137, 0.09619140625, 4.9989021127491435]
[0]
[0]
[0]
[0]
[0]
[0]
[0]
[1]
[1]
[1]
[1]
[1]
[0]
[0]
[0]
[0]
[1]
[1]
[1]
[1]
[1]
[1]
[0]
[0]
[1]
[1]
